<?xml version='1.0' ?>
<score-partwise>
  <movement-title></movement-title>
  <identification>
    <creator type="composer"></creator>
  </identification>
  <part-list>
    <score-part id="P1">
      <part-name></part-name>
      <part-name-display>
        <display-text></display-text>
      </part-name-display>
    </score-part>
  </part-list>
  <part id="P1">
    <measure number="1">
      <attributes>
        <divisions>768</divisions>
      </attributes>
      <attributes>
        <key>
          <fifths>0</fifths>
          <mode>major</mode>
        </key>
      </attributes>
      <direction>
        <direction-type>
          <metronome>
            <beat-unit>quarter</beat-unit>
            <per-minute>120</per-minute>
          </metronome>
        </direction-type>
      </direction>
      <attributes>
        <staves>1</staves>
      </attributes>
      <attributes>
        <clef>
          <sign>G</sign>
          <line>2</line>
        </clef>
      </attributes>
      <attributes>
        <time>
          <beats>4</beats>
          <beat-type>4</beat-type>
        </time>
      </attributes>
      <direction>
        <direction-type>
          <dynamics>
            <mf />
          </dynamics>
        </direction-type>
      </direction>
      <note>
        <pitch>
          <step>C</step>
          <alter>0.0</alter>
          <octave>4</octave>
        </pitch>
        <duration>3072</duration>
        <tie type="start" />
        <voice>1</voice>
        <type>whole</type>
        <notations>
          <ornaments />
          <technical />
          <articulations />
          <tied type="start" />
        </notations>
      </note>
    </measure>
    <measure number="2">
      <note>
        <pitch>
          <step>C</step>
          <alter>0.0</alter>
          <octave>4</octave>
        </pitch>
        <duration>3072</duration>
        <tie type="stop" />
        <tie type="start" />
        <voice>1</voice>
        <type>whole</type>
        <notations>
          <ornaments />
          <technical />
          <articulations />
          <technical />
          <tied type="stop" />
          <tied type="start" />
        </notations>
      </note>
    </measure>
    <measure number="3">
      <note>
        <pitch>
          <step>C</step>
          <alter>0.0</alter>
          <octave>4</octave>
        </pitch>
        <duration>3072</duration>
        <tie type="stop" />
        <tie type="start" />
        <voice>1</voice>
        <type>whole</type>
        <notations>
          <ornaments />
          <technical />
          <articulations />
          <technical />
          <tied type="stop" />
          <tied type="start" />
        </notations>
      </note>
    </measure>
    <measure number="4">
      <note>
        <pitch>
          <step>C</step>
          <alter>0.0</alter>
          <octave>4</octave>
        </pitch>
        <duration>3072</duration>
        <tie type="stop" />
        <tie type="start" />
        <voice>1</voice>
        <type>whole</type>
        <notations>
          <ornaments />
          <technical />
          <articulations />
          <technical />
          <tied type="stop" />
          <tied type="start" />
        </notations>
      </note>
    </measure>
    <measure number="5">
      <attributes>
        <time>
          <beats>2</beats>
          <beat-type>4</beat-type>
        </time>
      </attributes>
      <note>
        <pitch>
          <step>C</step>
          <alter>0.0</alter>
          <octave>4</octave>
        </pitch>
        <duration>1536</duration>
        <tie type="stop" />
        <voice>1</voice>
        <type>half</type>
        <notations>
          <ornaments />
          <technical />
          <articulations />
          <tied type="stop" />
        </notations>
      </note>
    </measure>
  </part>
</score-partwise>
